// Jest Snapshot v1, https://jestjs.io/docs/snapshot-testing

exports[`getISAPortfolio matches snapshot for consistent portfolio structure 1`] = `
[
  {
    "category": "채권",
    "percentage": 4.8,
    "value": 1000000,
  },
  {
    "category": "펀드",
    "percentage": 9.5,
    "value": 2000000,
  },
  {
    "category": "ELS",
    "percentage": 14.3,
    "value": 3000000,
  },
  {
    "category": "국내 ETF",
    "percentage": 19,
    "value": 4000000,
  },
  {
    "category": "해외 ETF",
    "percentage": 23.8,
    "value": 5000000,
  },
  {
    "category": "국내&해외 ETF",
    "percentage": 28.6,
    "value": 6000000,
  },
]
`;
